Copyright 1986-2022 Xilinx, Inc. All Rights Reserved. Copyright 2022-2023 Advanced Micro Devices, Inc. All Rights Reserved.
---------------------------------------------------------------------------------------------------------------------------------------------
| Tool Version : Vivado v.2023.1 (win64) Build 3865809 Sun May  7 15:05:29 MDT 2023
| Date         : Mon Jan 27 21:59:54 2025
| Host         : TinkPad-Dani running 64-bit major release  (build 9200)
| Command      : report_control_sets -verbose -file sintesis_MIPSMulticiclo_control_sets_placed.rpt
| Design       : sintesis_MIPSMulticiclo
| Device       : xc7a35t
---------------------------------------------------------------------------------------------------------------------------------------------

Control Set Information

Table of Contents
-----------------
1. Summary
2. Histogram
3. Flip-Flop Distribution
4. Detailed Control Set Information

1. Summary
----------

+----------------------------------------------------------+-------+
|                          Status                          | Count |
+----------------------------------------------------------+-------+
| Total control sets                                       |    40 |
|    Minimum number of control sets                        |    40 |
|    Addition due to synthesis replication                 |     0 |
|    Addition due to physical synthesis replication        |     0 |
| Unused register locations in slices containing registers |    12 |
+----------------------------------------------------------+-------+
* Control sets can be merged at opt_design using control_set_merge or merge_equivalent_drivers
** Run report_qor_suggestions for automated merging and remapping suggestions


2. Histogram
------------

+--------------------+-------+
|       Fanout       | Count |
+--------------------+-------+
| Total control sets |    40 |
| >= 0 to < 4        |     0 |
| >= 4 to < 6        |     1 |
| >= 6 to < 8        |     0 |
| >= 8 to < 10       |     0 |
| >= 10 to < 12      |     0 |
| >= 12 to < 14      |     0 |
| >= 14 to < 16      |     1 |
| >= 16              |    38 |
+--------------------+-------+
* Control sets can be remapped at either synth_design or opt_design


3. Flip-Flop Distribution
-------------------------

+--------------+-----------------------+------------------------+-----------------+--------------+
| Clock Enable | Synchronous Set/Reset | Asynchronous Set/Reset | Total Registers | Total Slices |
+--------------+-----------------------+------------------------+-----------------+--------------+
| No           | No                    | No                     |               0 |            0 |
| No           | No                    | Yes                    |               4 |            2 |
| No           | Yes                   | No                     |              20 |            5 |
| Yes          | No                    | No                     |               0 |            0 |
| Yes          | No                    | Yes                    |            1228 |          537 |
| Yes          | Yes                   | No                     |               0 |            0 |
+--------------+-----------------------+------------------------+-----------------+--------------+


4. Detailed Control Set Information
-----------------------------------

+----------------------+---------------------------------------------------+------------------+------------------+----------------+--------------+
|     Clock Signal     |                   Enable Signal                   | Set/Reset Signal | Slice Load Count | Bel Load Count | Bels / Slice |
+----------------------+---------------------------------------------------+------------------+------------------+----------------+--------------+
|  reloj/inst/clk_out1 |                                                   | rst_IBUF         |                2 |              4 |         2.00 |
|  reloj/inst/clk_out1 | MIPs/UC/FSM_onehot_currentState[14]_i_1_n_0       | rst_IBUF         |                6 |             15 |         2.50 |
|  clk_IBUF            |                                                   | rst_IBUF         |                5 |             20 |         4.00 |
|  reloj/inst/clk_out1 | eliminadorRebotesModo/count[0]_i_1_n_0            | rst_IBUF         |                6 |             23 |         3.83 |
|  reloj/inst/clk_out1 | MIPs/UC/FSM_onehot_currentState_reg[3]_0[0]       | rst_IBUF         |               20 |             32 |         1.60 |
|  reloj/inst/clk_out1 | MIPs/UC/E[0]                                      | rst_IBUF         |               15 |             32 |         2.13 |
|  reloj/inst/clk_out1 | MIPs/RD/reg_IR/dout_reg[15]_0[0]                  | rst_IBUF         |               12 |             32 |         2.67 |
|  reloj/inst/clk_out1 | MIPs/RD/reg_IR/dout_reg[18]_1[0]                  | rst_IBUF         |               13 |             32 |         2.46 |
|  reloj/inst/clk_out1 | MIPs/RD/reg_IR/FSM_onehot_currentState_reg[12][0] | rst_IBUF         |                9 |             32 |         3.56 |
|  reloj/inst/clk_out1 | MIPs/RD/reg_IR/FSM_onehot_currentState_reg[7][0]  | rst_IBUF         |               13 |             32 |         2.46 |
|  reloj/inst/clk_out1 | MIPs/RD/reg_IR/E[0]                               | rst_IBUF         |               12 |             32 |         2.67 |
|  reloj/inst/clk_out1 | MIPs/RD/reg_IR/dout_reg[12]_0[0]                  | rst_IBUF         |               15 |             32 |         2.13 |
|  reloj/inst/clk_out1 | MIPs/RD/reg_IR/dout_reg[12]_1[0]                  | rst_IBUF         |               17 |             32 |         1.88 |
|  reloj/inst/clk_out1 | MIPs/RD/reg_IR/dout_reg[12]_2[0]                  | rst_IBUF         |               15 |             32 |         2.13 |
|  reloj/inst/clk_out1 | MIPs/RD/reg_IR/dout_reg[12]_3[0]                  | rst_IBUF         |               11 |             32 |         2.91 |
|  reloj/inst/clk_out1 | MIPs/RD/reg_IR/dout_reg[12]_4[0]                  | rst_IBUF         |               15 |             32 |         2.13 |
|  reloj/inst/clk_out1 | MIPs/RD/reg_IR/dout_reg[11]_0[0]                  | rst_IBUF         |               13 |             32 |         2.46 |
|  reloj/inst/clk_out1 | MIPs/RD/reg_IR/dout_reg[13]_0[0]                  | rst_IBUF         |               10 |             32 |         3.20 |
|  reloj/inst/clk_out1 | MIPs/RD/reg_IR/dout_reg[19]_2[0]                  | rst_IBUF         |               13 |             32 |         2.46 |
|  reloj/inst/clk_out1 | MIPs/RD/reg_IR/dout_reg[19]_1[0]                  | rst_IBUF         |               10 |             32 |         3.20 |
|  reloj/inst/clk_out1 | MIPs/RD/reg_IR/dout_reg[15]_1[0]                  | rst_IBUF         |                8 |             32 |         4.00 |
|  reloj/inst/clk_out1 | MIPs/RD/reg_IR/dout_reg[19]_4[0]                  | rst_IBUF         |               16 |             32 |         2.00 |
|  reloj/inst/clk_out1 | MIPs/RD/reg_IR/dout_reg[16]_0[0]                  | rst_IBUF         |               19 |             32 |         1.68 |
|  reloj/inst/clk_out1 | MIPs/RD/reg_IR/dout_reg[15]_3[0]                  | rst_IBUF         |               10 |             32 |         3.20 |
|  reloj/inst/clk_out1 | MIPs/RD/reg_IR/dout_reg[15]_4[0]                  | rst_IBUF         |               14 |             32 |         2.29 |
|  reloj/inst/clk_out1 | MIPs/RD/reg_IR/dout_reg[17]_1[0]                  | rst_IBUF         |               15 |             32 |         2.13 |
|  reloj/inst/clk_out1 | MIPs/RD/reg_IR/dout_reg[19]_5[0]                  | rst_IBUF         |               14 |             32 |         2.29 |
|  reloj/inst/clk_out1 | MIPs/RD/reg_IR/dout_reg[17]_0[0]                  | rst_IBUF         |               20 |             32 |         1.60 |
|  reloj/inst/clk_out1 | MIPs/RD/reg_IR/dout_reg[19]_3[0]                  | rst_IBUF         |               18 |             32 |         1.78 |
|  reloj/inst/clk_out1 | MIPs/RD/reg_IR/dout_reg[15]_5[0]                  | rst_IBUF         |               18 |             32 |         1.78 |
|  reloj/inst/clk_out1 | MIPs/RD/reg_IR/dout_reg[15]_2[0]                  | rst_IBUF         |               14 |             32 |         2.29 |
|  reloj/inst/clk_out1 | MIPs/RD/reg_IR/dout_reg[19]_0[0]                  | rst_IBUF         |               11 |             32 |         2.91 |
|  reloj/inst/clk_out1 | MIPs/RD/reg_IR/dout_reg[17]_2[0]                  | rst_IBUF         |               13 |             32 |         2.46 |
|  reloj/inst/clk_out1 | MIPs/RD/reg_IR/dout_reg[19]_7[0]                  | rst_IBUF         |               13 |             32 |         2.46 |
|  reloj/inst/clk_out1 | MIPs/RD/reg_IR/dout_reg[19]_8[0]                  | rst_IBUF         |               16 |             32 |         2.00 |
|  reloj/inst/clk_out1 | MIPs/RD/reg_IR/dout_reg[19]_9[0]                  | rst_IBUF         |               19 |             32 |         1.68 |
|  reloj/inst/clk_out1 | MIPs/RD/reg_IR/dout_reg[19]_6[0]                  | rst_IBUF         |               19 |             32 |         1.68 |
|  reloj/inst/clk_out1 | MIPs/RD/reg_IR/dout_reg[18]_0[0]                  | rst_IBUF         |               19 |             32 |         1.68 |
|  reloj/inst/clk_out1 | MIPs/UC/Q[1]                                      | rst_IBUF         |               14 |             38 |         2.71 |
|  reloj/inst/clk_out1 | MIPs/UC/Q[2]                                      | rst_IBUF         |               22 |             64 |         2.91 |
+----------------------+---------------------------------------------------+------------------+------------------+----------------+--------------+


